Connecting to: localhost:5001
Stopped at tests/debugger/client_source.js:15
(jerry-debugger) s
out: client-source-test
Stopped at tests/debugger/client_source.js:40
(jerry-debugger) s
Stopped at tests/debugger/client_source.js:35 (in test() at line:33, col:1)
(jerry-debugger) s
out: function test
Stopped at tests/debugger/client_source.js:36 (in test() at line:33, col:1)
(jerry-debugger) continue
out: function foo
out: function bar
out: function finish
out: finish: test-foo-bar
