Connecting to: localhost:5001
Stopped at tests/debugger/do_help.js:15
(jerry-debugger) help

Documented commands (type help <topic>):
========================================
abort      bt        display  exception  list      next     s       src      
b          c         dump     f          memstats  quit     scopes  step     
backtrace  continue  e        finish     ms        res      scroll  throw    
break      delete    eval     help       n         restart  source  variables

(jerry-debugger) quit
