Connecting to: localhost:5001
Stopped at tests/debugger/do_help.js:15
(jerry-debugger) help

Documented commands (type help <topic>):
========================================
abort      bt        display  exception  list      next    source
b          c         dump     f          memstats  quit    src   
backtrace  continue  e        finish     ms        s       step  
break      delete    eval     help       n         scroll  throw 

(jerry-debugger) quit
