Connecting to: localhost:5001
Stopped at tests/debugger/do_help.js:15
(jerry-debugger) help

Documented commands (type help <topic>):
========================================
b          bt        delete  eval       help      ms    pendingdel  src 
backtrace  c         dump    exception  list      n     quit        step
break      continue  e       fbreak     memstats  next  s         

(jerry-debugger) quit
