Connecting to: localhost:5001
Stopped at tests/debugger/do_print.js:15
(jerry-debugger) c
out: Hello world!
out: A [  ] 110 null true undefined
out: 
out: [A
out: B C
out: D E
out: F
out: G]
out: 1: Az élet gyönyörű.
out: 2: Az élet gyönyörű.
out: 3: Az élet gyönyörű.
out: 4: Az élet gyönyörű.
out: 5: Az élet gyönyörű.
out: 6: Az élet gyönyörű.
out: 7: Az élet gyönyörű.
out: 8: Az élet gyönyörű.
out: 9: Az élet gyönyörű.
out: 10: Az élet gyönyörű.
out: 11: Az élet gyönyörű.
out: 12: Az élet gyönyörű.
out: 13: Az élet gyönyörű.
out: 14: Az élet gyönyörű.
out: 15: Az élet gyönyörű.
out: 16: Az élet gyönyörű.
out: 17: Az élet gyönyörű.
out: 18: Az élet gyönyörű.
out: 19: Az élet gyönyörű.
out: 20: Az élet gyönyörű.
out: 21: Az élet gyönyörű.
out: 22: Az élet gyönyörű.
out: 23: Az élet gyönyörű.
out: 24: Az élet gyönyörű.
out: 25: Az élet gyönyörű.
out: 26: Az élet gyönyörű.
out: 27: Az élet gyönyörű.
out: 28: Az élet gyönyörű.
out: 29: Az élet gyönyörű.
out: 30: Az élet gyönyörű.
out: 31: Az élet gyönyörű.
out: 32: Az élet gyönyörű.
out: 33: Az élet gyönyörű.
out: 34: Az élet gyönyörű.
out: 35: Az élet gyönyörű.
out: 36: Az élet gyönyörű.
out: 37: Az élet gyönyörű.
out: 38: Az élet gyönyörű.
out: 39: Az élet gyönyörű.
out: 40: Az élet gyönyörű.
out: 41: Az élet gyönyörű.
out: 42: Az élet gyönyörű.
out: 43: Az élet gyönyörű.
out: 44: Az élet gyönyörű.
out: 45: Az élet gyönyörű.
out: 46: Az élet gyönyörű.
out: 47: Az élet gyönyörű.
out: 48: Az élet gyönyörű.
out: 49: Az élet gyönyörű.
out: 50: Az élet gyönyörű.
out: 51: Az élet gyönyörű.
out: 52: Az élet gyönyörű.
out: 53: Az élet gyönyörű.
out: 54: Az élet gyönyörű.
out: 55: Az élet gyönyörű.
out: 56: Az élet gyönyörű.
out: 57: Az élet gyönyörű.
out: 58: Az élet gyönyörű.
out: 59: Az élet gyönyörű.
out: 60: Az élet gyönyörű.
out: 61: Az élet gyönyörű.
out: 62: Az élet gyönyörű.
out: 63: Az élet gyönyörű.
out: 64: Az élet gyönyörű.
out: 65: Az élet gyönyörű.
out: 66: Az élet gyönyörű.
out: 67: Az élet gyönyörű.
out: 68: Az élet gyönyörű.
out: 69: Az élet gyönyörű.
out: 70: Az élet gyönyörű.
out: 71: Az élet gyönyörű.
out: 72: Az élet gyönyörű.
out: 73: Az élet gyönyörű.
out: 74: Az élet gyönyörű.
out: 75: Az élet gyönyörű.
out: 76: Az élet gyönyörű.
out: 77: Az élet gyönyörű.
out: 78: Az élet gyönyörű.
out: 79: Az élet gyönyörű.
out: 80: Az élet gyönyörű.
out: 81: Az élet gyönyörű.
out: 82: Az élet gyönyörű.
out: 83: Az élet gyönyörű.
out: 84: Az élet gyönyörű.
out: 85: Az élet gyönyörű.
out: 86: Az élet gyönyörű.
out: 87: Az élet gyönyörű.
out: 88: Az élet gyönyörű.
out: 89: Az élet gyönyörű.
out: 90: Az élet gyönyörű.
out: 91: Az élet gyönyörű.
out: 92: Az élet gyönyörű.
out: 93: Az élet gyönyörű.
out: 94: Az élet gyönyörű.
out: 95: Az élet gyönyörű.
out: 96: Az élet gyönyörű.
out: 97: Az élet gyönyörű.
out: 98: Az élet gyönyörű.
out: 99: Az élet gyönyörű.
out: 100: Az élet gyönyörű.
out: 
